[demo.rtcvid.net/securityfirst/new/index.html]
[backblue.gif]
[fade.gif]
[index.html]
[demo.rtcvid.net/securityfirst/css/images/social-icon-690x400.jpg]
[demo.rtcvid.net/securityfirst/css/blueprint-custom/screenb858.css]
[demo.rtcvid.net/securityfirst/css/blueprint-custom/printb858.css]
[demo.rtcvid.net/securityfirst/css/rtc.mobile-policyholderb858.css]
[demo.rtcvid.net/securityfirst/css/images/buffering(2).gif]
[demo.rtcvid.net/securityfirst/new/index73f0.html]
[demo.rtcvid.net/securityfirst/new/index07a0.html]
[demo.rtcvid.net/securityfirst/new/index9d3b.html]
[demo.rtcvid.net/securityfirst/css/images/get-adobe-flash-player.png]
[demo.rtcvid.net/securityfirst/css/images/noJavascriptc5d1.gif]
[demo.rtcvid.net/securityfirst/css/images/buffering.gif]
[demo.rtcvid.net/securityfirst/new/GET.html]
[demo.rtcvid.net/securityfirst/js/en/rtc.stringsb858.js]
[demo.rtcvid.net/securityfirst/new/index.html]
[demo.rtcvid.net/securityfirst/css/blueprint-custom/src/grid.png]
[demo.rtcvid.net/securityfirst/css/blueprint-custom/screenb858.css]
[demo.rtcvid.net/securityfirst/css/blueprint-custom/printb858.css]
[demo.rtcvid.net/securityfirst/css/images/bg.png]
[demo.rtcvid.net/securityfirst/css/images/logo.png]
[demo.rtcvid.net/securityfirst/css/images/pb_demo_header.jpg]
[demo.rtcvid.net/securityfirst/css/themes/securityfirst/images/ui-bg_diagonals-thick_15_adadad_40x40.png]
[demo.rtcvid.net/securityfirst/css/themes/securityfirst/images/ui-bg_highlight-hard_50_2c8cd9_1x100.png]
[demo.rtcvid.net/securityfirst/css/themes/securityfirst/images/ui-bg_highlight-hard_40_056ead_1x100.png]
[s7.addthis.com/js/250/addthis_widget.js]
[demo.rtcvid.net/securityfirst/css/themes/securityfirst/images/ui-bg_flat_40_292929_40x100.png]
[demo.rtcvid.net/securityfirst/css/themes/securityfirst/images/ui-bg_highlight-hard_30_a4860a_1x100.png]
[demo.rtcvid.net/securityfirst/css/themes/securityfirst/images/ui-bg_highlight-hard_50_ffcf06_1x100.png]
[demo.rtcvid.net/securityfirst/css/themes/securityfirst/images/ui-icons_d9d9d9_256x240.png]
[demo.rtcvid.net/securityfirst/css/themes/securityfirst/images/ui-icons_f6f6f6_256x240.png]
[demo.rtcvid.net/securityfirst/css/themes/securityfirst/images/ui-icons_ffffff_256x240.png]
[demo.rtcvid.net/securityfirst/css/themes/securityfirst/images/ui-bg_flat_0_aaaaaa_40x100.png]
[demo.rtcvid.net/securityfirst/css/images/checkbox-radio-btn.png]
[demo.rtcvid.net/securityfirst/css/fonts/din-light-webfont.eot]
[demo.rtcvid.net/securityfirst/css/fonts/din-light-webfont.woff]
[demo.rtcvid.net/securityfirst/css/fonts/din-light-webfontd41d.eot]
[demo.rtcvid.net/securityfirst/css/fonts/DINWeb.eot]
[demo.rtcvid.net/securityfirst/css/fonts/DINWeb.woff]
[demo.rtcvid.net/securityfirst/css/fonts/DINWebd41d.eot]
[demo.rtcvid.net/securityfirst/css/fonts/DINWeb-Medium.eot]
[demo.rtcvid.net/securityfirst/css/fonts/DINWeb-Medium.woff]
[demo.rtcvid.net/securityfirst/css/fonts/DINWeb-Mediumd41d.eot]
[demo.rtcvid.net/securityfirst/js/rtc.mobile-policyholderb858.js]
[demo.rtcvid.net/securityfirst/css/images/end-card.png]
[demo.rtcvid.net/securityfirst/css/images/bandwidthWarning/warning.png]
[demo.rtcvid.net/securityfirst/css/images/bandwidthWarning/help.png]
[demo.rtcvid.net/securityfirst/css/images/close-btn.png]
[demo.rtcvid.net/securityfirst/css/themes/whitelabel/images/ui-bg_highlight-hard_50_2c8cd9_1x100.png]
[demo.rtcvid.net/securityfirst/css/themes/whitelabel/images/ui-bg_highlight-hard_40_056ead_1x100.png]
[demo.rtcvid.net/securityfirst/css/images/timeline-background.png]
[demo.rtcvid.net/securityfirst/css/images/skipback-btn.png]
[demo.rtcvid.net/securityfirst/css/images/skipforward-btn.png]
[demo.rtcvid.net/securityfirst/css/images/play-btn.png]
[demo.rtcvid.net/securityfirst/css/images/audio-btn.png]
[demo.rtcvid.net/securityfirst/css/images/audio-btn-blank.png]
[demo.rtcvid.net/securityfirst/css/images/timeline-chapters.png]
[demo.rtcvid.net/securityfirst/css/images/timeline-marker.png]
[demo.rtcvid.net/securityfirst/css/images/contact-button-highlight.png]
[demo.rtcvid.net/securityfirst/css/images/share-button-highlight.png]
[demo.rtcvid.net/securityfirst/css/images/tool-tip-middle.png]
[demo.rtcvid.net/securityfirst/css/images/tool-tip-left.png]
[demo.rtcvid.net/securityfirst/css/images/tool-tip-right.png]
[demo.rtcvid.net/securityfirst/css/images/side-btns.png]
[demo.rtcvid.net/securityfirst/css/images/background-gradient-slice.jpg]
[demo.rtcvid.net/securityfirst/css/images/background.jpg]
[demo.rtcvid.net/securityfirst/css/images/loading-bg-image.png]
[demo.rtcvid.net/securityfirst/css/images/splash-play.png]
[demo.rtcvid.net/securityfirst/css/images/screen-shadow.png]
[demo.rtcvid.net/securityfirst/css/images/volume-slider-bg.png]
[demo.rtcvid.net/securityfirst/css/images/volume-slider-ball.png]
[demo.rtcvid.net/securityfirst/css/images/no-support.jpg]
[demo.rtcvid.net/securityfirst/css/images/quality-btn.png]
[demo.rtcvid.net/securityfirst/css/images/bullet-point.png]
[demo.rtcvid.net/securityfirst/css/images/corporate-firewall-tool-tip.png]
[demo.rtcvid.net/securityfirst/css/images/language-selector-bg.png]
[demo.rtcvid.net/securityfirst/css/images/share-to-many-btn.png]
[demo.rtcvid.net/securityfirst/css/fonts/whitney-bold-progkcy-webfont.eot]
[demo.rtcvid.net/securityfirst/css/fonts/whitney-bold-progkcy-webfont.woff]
[demo.rtcvid.net/securityfirst/css/fonts/whitney-bold-progkcy-webfontd41d.eot]
[demo.rtcvid.net/securityfirst/css/fonts/whitney-medium-progkcy-webfont.eot]
[demo.rtcvid.net/securityfirst/css/fonts/whitney-medium-progkcy-webfont.woff]
[demo.rtcvid.net/securityfirst/css/fonts/whitney-medium-progkcy-webfontd41d.eot]
[demo.rtcvid.net/securityfirst/css/images/buttons-highlight.png]
[demo.rtcvid.net/securityfirst/css/images/customer-login-button-highlight.png]
[demo.rtcvid.net/securityfirst/css/images/background-texture-slice.jpg]
[demo.rtcvid.net/securityfirst/css/images/footer-background.jpg]
[demo.rtcvid.net/securityfirst/css/images/timeline-dropshadow.png]
[demo.rtcvid.net/securityfirst/css/images/cardStart/cardStart-btns.jpg]
[demo.rtcvid.net/securityfirst/css/images/card12/card12-btns.jpg]
[demo.rtcvid.net/securityfirst/css/rtc.mobile-policyholderb858.css]
[demo.rtcvid.net/securityfirst/css/images/noJavascript4d22.gif]
[demo.rtcvid.net/securityfirst/new/index73f0.html]
[demo.rtcvid.net/securityfirst/new/index15bf.html]
[demo.rtcvid.net/securityfirst/new/index25be.html]
[demo.rtcvid.net/securityfirst/css/images/noJavascript60a1.gif]
[demo.rtcvid.net/securityfirst/new/index07a0.html]
[demo.rtcvid.net/securityfirst/css/es/images/social-icon-690x400.jpg]
[demo.rtcvid.net/securityfirst/css/es/securityfirst_policyholderb858.css]
[demo.rtcvid.net/securityfirst/css/images/noJavascript8125.gif]
[demo.rtcvid.net/securityfirst/js/es/rtc.stringsb858.js]
[demo.rtcvid.net/securityfirst/new/index9d3b.html]
[demo.rtcvid.net/securityfirst/new/templates/html/video-meta.html]
[demo.rtcvid.net/securityfirst/new/templates/failover.html]
[demo.rtcvid.net/securityfirst/new/templates/playback-failed.html]
[demo.rtcvid.net/securityfirst/new/templates/technical-error.html]
[demo.rtcvid.net/securityfirst/new/templates/corporate-firewall.html]
[demo.rtcvid.net/securityfirst/new/help.html]
[demo.rtcvid.net/securityfirst/new/GET07a0.html]
[demo.rtcvid.net/securityfirst/new/GET9d3b.html]
[demo.rtcvid.net/securityfirst/css/images/noJavascript4598.gif]
[demo.rtcvid.net/securityfirst/new/GET.html]
[www.googletagmanager.com/gtm5445.html]
[demo.rtcvid.net/securityfirst/css/fonts/din-light-webfont.html]
[demo.rtcvid.net/securityfirst/css/fonts/din-light-webfont.svg]
[demo.rtcvid.net/securityfirst/css/fonts/DINWeb.html]
[demo.rtcvid.net/securityfirst/css/fonts/DINWeb.svg]
[demo.rtcvid.net/securityfirst/css/fonts/DINWeb-Medium.html]
[demo.rtcvid.net/securityfirst/css/fonts/DINWeb-Medium.svg]
[demo.rtcvid.net/securityfirst/css/images/sprite-ui.html]
[demo.rtcvid.net/securityfirst/css/images/20x28-tick.html]
[demo.rtcvid.net/securityfirst/css/images/20x28_tick.html]
[demo.rtcvid.net/securityfirst/css/images/rtc-logo.html]
[demo.rtcvid.net/securityfirst/css/images/promo-buttons.html]
[demo.rtcvid.net/securityfirst/css/fonts/whitney-bold-progkcy-webfont.html]
[demo.rtcvid.net/securityfirst/css/fonts/whitney-bold-progkcy-webfont.svg]
[demo.rtcvid.net/securityfirst/css/fonts/whitney-medium-progkcy-webfont.html]
[demo.rtcvid.net/securityfirst/css/fonts/whitney-medium-progkcy-webfont.svg]
[demo.rtcvid.net/securityfirst/css/images/noJavascript5d1b.gif]
[demo.rtcvid.net/securityfirst/new/index15bf.html]
[demo.rtcvid.net/securityfirst/css/images/noJavascripte65c.gif]
[demo.rtcvid.net/securityfirst/new/index25be.html]
[demo.rtcvid.net/securityfirst/css/es/images/side-btns.png]
[demo.rtcvid.net/securityfirst/css/es/images/loading-bg-image.png]
[demo.rtcvid.net/securityfirst/css/es/images/cardStart/cardStart-btns.jpg]
[demo.rtcvid.net/securityfirst/css/es/images/card12/card12-btns.jpg]
[demo.rtcvid.net/securityfirst/css/es/securityfirst_policyholderb858.css]
[demo.rtcvid.net/securityfirst/new/templates/es/failover.html]
[demo.rtcvid.net/securityfirst/new/templates/es/playback-failed.html]
[demo.rtcvid.net/securityfirst/new/templates/es/technical-error.html]
[demo.rtcvid.net/securityfirst/new/templates/es/corporate-firewall.html]
[demo.rtcvid.net/securityfirst/css/images/noJavascripte22d.gif]
[demo.rtcvid.net/securityfirst/new/GET07a0.html]
[demo.rtcvid.net/securityfirst/css/images/noJavascript10f3.gif]
[demo.rtcvid.net/securityfirst/new/GET9d3b.html]
